[     479ms] [INFO] %cDownload the React DevTools for a better development experience: https://reactjs.org/link/react-devtools font-weight:bold @ http://localhost:3001/static/js/bundle.js:119848
[     576ms] [ERROR] Warning: Instance created by `useForm` is not connected to any Form element. Forget to pass `form` prop? @ http://localhost:3001/static/js/bundle.js:92609
[  423058ms] [INFO] %cDownload the React DevTools for a better development experience: https://reactjs.org/link/react-devtools font-weight:bold @ http://localhost:3001/static/js/bundle.js:119848
[  423174ms] [ERROR] Warning: Instance created by `useForm` is not connected to any Form element. Forget to pass `form` prop? @ http://localhost:3001/static/js/bundle.js:92609
[  423875ms] [INFO] %cDownload the React DevTools for a better development experience: https://reactjs.org/link/react-devtools font-weight:bold @ http://localhost:3001/static/js/bundle.js:119848
[  423928ms] [ERROR] Warning: Instance created by `useForm` is not connected to any Form element. Forget to pass `form` prop? @ http://localhost:3001/static/js/bundle.js:92609
[ 1103665ms] [INFO] %cDownload the React DevTools for a better development experience: https://reactjs.org/link/react-devtools font-weight:bold @ http://localhost:3001/static/js/bundle.js:120651
[ 1103837ms] [ERROR] Warning: Instance created by `useForm` is not connected to any Form element. Forget to pass `form` prop? @ http://localhost:3001/static/js/bundle.js:93412
[ 1699081ms] [INFO] %cDownload the React DevTools for a better development experience: https://reactjs.org/link/react-devtools font-weight:bold @ http://localhost:3001/static/js/bundle.js:123239
[ 1699226ms] [ERROR] Warning: Instance created by `useForm` is not connected to any Form element. Forget to pass `form` prop? @ http://localhost:3001/static/js/bundle.js:96000
[ 1706163ms] [ERROR] Failed to load resource: the server responded with a status of 404 (Not Found) @ http://localhost:3001/api/credit/applications/39/cashflow-features:0
[ 1865176ms] [ERROR] Failed to load resource: the server responded with a status of 404 (Not Found) @ http://localhost:3001/api/credit/applications/39/cashflow-features:0
[ 2553424ms] [INFO] %cDownload the React DevTools for a better development experience: https://reactjs.org/link/react-devtools font-weight:bold @ http://localhost:3001/static/js/bundle.js:123641
[ 2553622ms] [ERROR] Warning: Instance created by `useForm` is not connected to any Form element. Forget to pass `form` prop? @ http://localhost:3001/static/js/bundle.js:96402
[ 2594316ms] [ERROR] Failed to load resource: the server responded with a status of 404 (Not Found) @ http://localhost:3001/api/credit/applications/39/cashflow-features:0
[ 2598047ms] [ERROR] Failed to load resource: the server responded with a status of 404 (Not Found) @ http://localhost:3001/api/credit/applications/37/cashflow-features:0
[ 2599064ms] [ERROR] Failed to load resource: the server responded with a status of 404 (Not Found) @ http://localhost:3001/api/credit/applications/37/cashflow-features:0
[ 2649206ms] [ERROR] Failed to load resource: the server responded with a status of 404 (Not Found) @ http://localhost:3001/api/credit/applications/39/cashflow-features:0
[ 2843559ms] [ERROR] Failed to load resource: the server responded with a status of 404 (Not Found) @ http://localhost:3001/api/credit/applications/39/cashflow-features:0
[ 2853057ms] [ERROR] Failed to load resource: the server responded with a status of 404 (Not Found) @ http://localhost:3001/api/credit/applications/38/cashflow-features:0
[ 3063338ms] [ERROR] Failed to load resource: the server responded with a status of 404 (Not Found) @ http://localhost:3001/api/credit/applications/39/cashflow-features:0
[ 3148743ms] [ERROR] Failed to load resource: the server responded with a status of 404 (Not Found) @ http://localhost:3001/api/credit/applications/39/cashflow-features:0
[ 3153648ms] [ERROR] Failed to load resource: the server responded with a status of 404 (Not Found) @ http://localhost:3001/api/credit/applications/37/cashflow-features:0
[ 3386214ms] [INFO] %cDownload the React DevTools for a better development experience: https://reactjs.org/link/react-devtools font-weight:bold @ http://localhost:3001/static/js/bundle.js:123641
[ 3386352ms] [ERROR] Warning: Instance created by `useForm` is not connected to any Form element. Forget to pass `form` prop? @ http://localhost:3001/static/js/bundle.js:96402
[ 3908449ms] [INFO] %cDownload the React DevTools for a better development experience: https://reactjs.org/link/react-devtools font-weight:bold @ http://localhost:3001/static/js/bundle.js:124288
[ 3908616ms] [ERROR] Warning: Instance created by `useForm` is not connected to any Form element. Forget to pass `form` prop? @ http://localhost:3001/static/js/bundle.js:97049
[ 3924918ms] [ERROR] Failed to load resource: the server responded with a status of 404 (Not Found) @ http://localhost:3001/api/credit/applications/39/cashflow-features:0
[ 4178561ms] [INFO] %cDownload the React DevTools for a better development experience: https://reactjs.org/link/react-devtools font-weight:bold @ http://localhost:3001/static/js/bundle.js:124479
[ 4178688ms] [ERROR] Warning: Instance created by `useForm` is not connected to any Form element. Forget to pass `form` prop? @ http://localhost:3001/static/js/bundle.js:97240
[ 4195565ms] [ERROR] Failed to load resource: the server responded with a status of 404 (Not Found) @ http://localhost:3001/api/credit/applications/39/cashflow-features:0
[ 4199361ms] [ERROR] Failed to load resource: the server responded with a status of 404 (Not Found) @ http://localhost:3001/api/credit/applications/39/cashflow-features:0
[ 4374074ms] [INFO] %cDownload the React DevTools for a better development experience: https://reactjs.org/link/react-devtools font-weight:bold @ http://localhost:3001/static/js/bundle.js:124441
[ 4374205ms] [ERROR] Warning: Instance created by `useForm` is not connected to any Form element. Forget to pass `form` prop? @ http://localhost:3001/static/js/bundle.js:97202
[ 4409233ms] [ERROR] Failed to load resource: the server responded with a status of 404 (Not Found) @ http://localhost:3001/api/credit/applications/39/cashflow-features:0
[ 4454571ms] [ERROR] Failed to load resource: the server responded with a status of 404 (Not Found) @ http://localhost:3001/api/credit/applications/39/cashflow-features:0
[ 4462191ms] [ERROR] Failed to load resource: the server responded with a status of 404 (Not Found) @ http://localhost:3001/api/credit/applications/39/cashflow-features:0
