[    1483ms] [ERROR] Unrecognized Content-Security-Policy directive 'self'. @ https://www.featurespace.com/:0
[    2136ms] [ERROR] Unrecognized Content-Security-Policy directive 'self'. @ https://cdn.optimizely.com/js/4964004498505728.js:1
[    2302ms] [WARNING] Component not found for type: page-properties @ https://www.featurespace.com/_next/static/chunks/02fy8~7i.un0~.js:0
[    2338ms] [WARNING] Component not found for type: page-properties @ https://www.featurespace.com/_next/static/chunks/02fy8~7i.un0~.js:0
[    2454ms] Error: Minified React error #418; visit https://react.dev/errors/418?args[]=HTML&args[]= for the full message or use the non-minified dev environment for full errors and additional helpful warnings.
    at rX (https://www.featurespace.com/_next/static/chunks/03uvq1faxlnst.js:1:46254)
    at iu (https://www.featurespace.com/_next/static/chunks/03uvq1faxlnst.js:1:97295)
    at sd (https://www.featurespace.com/_next/static/chunks/03uvq1faxlnst.js:1:137985)
    at https://www.featurespace.com/_next/static/chunks/03uvq1faxlnst.js:1:132871
    at se (https://www.featurespace.com/_next/static/chunks/03uvq1faxlnst.js:1:132972)
    at s$ (https://www.featurespace.com/_next/static/chunks/03uvq1faxlnst.js:1:159536)
    at MessagePort.O (https://www.featurespace.com/_next/static/chunks/03uvq1faxlnst.js:1:7701)
[    4915ms] [WARNING] Failed to decode downloaded font: https://www.featurespace.com/fonts/Open_Sans/OpenSans-Regular.woff2 @ https://www.featurespace.com/:0
[    4915ms] [WARNING] OTS parsing error: invalid sfntVersion: 1008813135 @ https://www.featurespace.com/:0
[    4916ms] [WARNING] Failed to decode downloaded font: https://www.featurespace.com/fonts/Open_Sans/OpenSans-Regular.woff2 @ https://www.featurespace.com/:0
[    4916ms] [WARNING] OTS parsing error: invalid sfntVersion: 1008813135 @ https://www.featurespace.com/:0
[    4916ms] [WARNING] Failed to decode downloaded font: https://www.featurespace.com/fonts/Open_Sans/OpenSans-Regular.woff2 @ https://www.featurespace.com/:0
[    4916ms] [WARNING] OTS parsing error: invalid sfntVersion: 1008813135 @ https://www.featurespace.com/:0
[    4916ms] [WARNING] Failed to decode downloaded font: https://www.featurespace.com/fonts/Open_Sans/OpenSans-Regular.woff2 @ https://www.featurespace.com/:0
[    4916ms] [WARNING] OTS parsing error: invalid sfntVersion: 1008813135 @ https://www.featurespace.com/:0
[    4916ms] [WARNING] Failed to decode downloaded font: https://www.featurespace.com/fonts/Open_Sans/OpenSans-Regular.woff2 @ https://www.featurespace.com/:0
[    4916ms] [WARNING] OTS parsing error: invalid sfntVersion: 1008813135 @ https://www.featurespace.com/:0
[    4916ms] [WARNING] Failed to decode downloaded font: https://www.featurespace.com/fonts/Open_Sans/OpenSans-Regular.woff2 @ https://www.featurespace.com/:0
[    4916ms] [WARNING] OTS parsing error: invalid sfntVersion: 1008813135 @ https://www.featurespace.com/:0
[    4916ms] [WARNING] Failed to decode downloaded font: https://www.featurespace.com/fonts/Open_Sans/OpenSans-Regular.woff2 @ https://www.featurespace.com/:0
[    4916ms] [WARNING] OTS parsing error: invalid sfntVersion: 1008813135 @ https://www.featurespace.com/:0
[    4916ms] [WARNING] Failed to decode downloaded font: https://www.featurespace.com/fonts/Open_Sans/OpenSans-Regular.woff2 @ https://www.featurespace.com/:0
[    4916ms] [WARNING] OTS parsing error: invalid sfntVersion: 1008813135 @ https://www.featurespace.com/:0
[    4916ms] [WARNING] Failed to decode downloaded font: https://www.featurespace.com/fonts/Open_Sans/OpenSans-Regular.woff2 @ https://www.featurespace.com/:0
[    4916ms] [WARNING] OTS parsing error: invalid sfntVersion: 1008813135 @ https://www.featurespace.com/:0
[    4916ms] [WARNING] Failed to decode downloaded font: https://www.featurespace.com/fonts/Open_Sans/OpenSans-Regular.woff2 @ https://www.featurespace.com/:0
[    4916ms] [WARNING] OTS parsing error: invalid sfntVersion: 1008813135 @ https://www.featurespace.com/:0
[    4916ms] [WARNING] Failed to decode downloaded font: https://www.featurespace.com/fonts/Open_Sans/OpenSans-Regular.woff2 @ https://www.featurespace.com/:0
[    4916ms] [WARNING] OTS parsing error: invalid sfntVersion: 1008813135 @ https://www.featurespace.com/:0
[    4916ms] [WARNING] Failed to decode downloaded font: https://www.featurespace.com/fonts/Open_Sans/OpenSans-Regular.woff2 @ https://www.featurespace.com/:0
[    4916ms] [WARNING] OTS parsing error: invalid sfntVersion: 1008813135 @ https://www.featurespace.com/:0
[  127719ms] [ERROR] Failed to load resource: the server responded with a status of 524 () @ https://www.featurespace.com/solutions?_rsc=5CB68i4pnAekjehf:0
